---
source: leafbuild-syntax/src/tests.rs
expression: "let a = b\n"

---
- ROOT 0..10
  - Declaration 0..10
    - "let" LET_KW 0..3
    - " " WHITESPACE 3..4
    - "a" ID 4..5
    - " " WHITESPACE 5..6
    - "=" EQ 6..7
    - " " WHITESPACE 7..8
    - Expr 8..9
      - PrimaryExpr 8..9
        - "b" ID 8..9
    - "\n" NEWLINE 9..10

