---
source: crates/leafbuild-syntax/src/parser/mod.rs
expression: "struct test {\n    i: i32\n}\n"

---
- ROOT 0..27
  - StructDecl 0..26
    - "struct" STRUCT_KW 0..6
    - " " WHITESPACE 6..7
    - "test" ID 7..11
    - " " WHITESPACE 11..12
    - StructFieldList 12..26
      - "{" L_BRACE 12..13
      - "\n" NEWLINE 13..14
      - "    " WHITESPACE 14..18
      - StructField 18..25
        - "i" ID 18..19
        - ":" COLON 19..20
        - " " WHITESPACE 20..21
        - TypeRef 21..24
          - "i32" ID 21..24
        - "\n" NEWLINE 24..25
      - "}" R_BRACE 25..26
  - "\n" NEWLINE 26..27

