---
source: crates/leafbuild-syntax/src/parser/mod.rs
expression: "x =\n    1\n"

---
- ROOT 0..10
  - Assignment 0..10
    - Expr 0..1
      - PrimaryExpr 0..1
        - "x" ID 0..1
    - " " WHITESPACE 1..2
    - "=" EQ 2..3
    - "\n" NEWLINE 3..4
    - "    " WHITESPACE 4..8
    - Expr 8..9
      - PrimaryExpr 8..9
        - "1" NUMBER 8..9
    - "\n" NEWLINE 9..10

