---
source: crates/leafbuild-syntax/src/parser/mod.rs
expression: "if a {} else {}\n"

---
- ROOT 0..16
  - Expr 0..15
    - PrimaryExpr 0..15
      - Conditional 0..15
        - ConditionalBranch 0..7
          - "if" IF_KW 0..2
          - " " WHITESPACE 2..3
          - Expr 3..4
            - PrimaryExpr 3..4
              - "a" ID 3..4
          - " " WHITESPACE 4..5
          - ExprBlock 5..7
            - "{" L_BRACE 5..6
            - "}" R_BRACE 6..7
        - " " WHITESPACE 7..8
        - "else" ELSE_KW 8..12
        - " " WHITESPACE 12..13
        - ExprBlock 13..15
          - "{" L_BRACE 13..14
          - "}" R_BRACE 14..15
  - "\n" NEWLINE 15..16

