---
source: crates/leafbuild-syntax/src/parser/mod.rs
expression: "a = if b\n{\n\n}\n\nelse\n{\n\n\n}\n"

---
- BUILD_DEFINITION 0..26
  - ASSIGNMENT_STMT 0..26
    - PRIMARY_EXPR 0..1
      - "a" IDENT 0..1
    - " " WHITESPACE 1..2
    - "=" EQ 2..3
    - " " WHITESPACE 3..4
    - PRIMARY_EXPR 4..25
      - CONDITIONAL 4..25
        - "if" IF_KW 4..6
        - " " WHITESPACE 6..7
        - PRIMARY_EXPR 7..8
          - "b" IDENT 7..8
        - "\n" NEWLINE 8..9
        - BLOCK 9..13
          - "{" L_CURLY 9..10
          - "\n" NEWLINE 10..11
          - "\n" NEWLINE 11..12
          - "}" R_CURLY 12..13
        - "\n" NEWLINE 13..14
        - "\n" NEWLINE 14..15
        - "else" ELSE_KW 15..19
        - "\n" NEWLINE 19..20
        - BLOCK 20..25
          - "{" L_CURLY 20..21
          - "\n" NEWLINE 21..22
          - "\n" NEWLINE 22..23
          - "\n" NEWLINE 23..24
          - "}" R_CURLY 24..25
    - "\n" NEWLINE 25..26

