---
source: crates/leafbuild-syntax/src/parser/mod.rs
expression: "let x = 1\n"

---
- BUILD_DEFINITION 0..10
  - DECLARATION_STMT 0..10
    - "let" LET_KW 0..3
    - " " WHITESPACE 3..4
    - "x" IDENT 4..5
    - " " WHITESPACE 5..6
    - "=" EQ 6..7
    - " " WHITESPACE 7..8
    - PRIMARY_EXPR 8..9
      - "1" INT_NUMBER 8..9
    - "\n" NEWLINE 9..10

