---
source: crates/leafbuild-syntax/src/parser/mod.rs
expression: "return\n"

---
- BUILD_DEFINITION 0..7
  - RETURN_STMT 0..7
    - "return" RETURN_KW 0..6
    - "\n" NEWLINE 6..7

