---
source: crates/leafbuild-syntax/src/parser/mod.rs
expression: "break\n"

---
- ROOT 0..6
  - ControlStatement 0..6
    - "break" BREAK_KW 0..5
    - "\n" NEWLINE 5..6

