---
source: crates/leafbuild-syntax/src/parser/mod.rs
expression: "x = f(a = b, c = d)\n"

---
- BUILD_DEFINITION 0..20
  - ASSIGNMENT_STMT 0..20
    - PRIMARY_EXPR 0..1
      - "x" IDENT 0..1
    - " " WHITESPACE 1..2
    - "=" EQ 2..3
    - " " WHITESPACE 3..4
    - FN_CALL_EXPR 4..19
      - PRIMARY_EXPR 4..5
        - "f" IDENT 4..5
      - FN_CALL_ARGS 5..19
        - "(" L_PAREN 5..6
        - K_EXPR 6..11
          - "a" IDENT 6..7
          - " " WHITESPACE 7..8
          - "=" EQ 8..9
          - " " WHITESPACE 9..10
          - PRIMARY_EXPR 10..11
            - "b" IDENT 10..11
        - "," COMMA 11..12
        - " " WHITESPACE 12..13
        - K_EXPR 13..18
          - "c" IDENT 13..14
          - " " WHITESPACE 14..15
          - "=" EQ 15..16
          - " " WHITESPACE 16..17
          - PRIMARY_EXPR 17..18
            - "d" IDENT 17..18
        - ")" R_PAREN 18..19
    - "\n" NEWLINE 19..20

