---
source: crates/leafbuild-syntax/src/parser/mod.rs
expression: "break\n       1\n"

---
- BUILD_DEFINITION 0..15
  - BREAK_STMT 0..6
    - "break" BREAK_KW 0..5
    - "\n" NEWLINE 5..6
  - "       " WHITESPACE 6..13
  - EXPR_EVAL_STMT 13..15
    - PRIMARY_EXPR 13..14
      - "1" INT_NUMBER 13..14
    - "\n" NEWLINE 14..15

